
Re-creating a Password Authentication File
-------------------------------------------

--Here the Password means sys user password. and the password Authentication File is store in "dbs" director.

[oracle@dba167 dbs]$ cd /u01/app/oracle/product/19.3.0/db_1/dbs
[oracle@dba167 dbs]$ ls
hc_dba167.dat  initdba167.ora  initdba167.ora_bak  initdba167.ora_bak_latest  lkDBA167  lkDUMMY  orapwdba167  snapcf_dba167.f
[oracle@dba167 dbs]$ cat orapwdba167
]\[ZORACLE Remote Password file
                               Òaæäß¦üàóSYS8û   |J) yTvuÕ]©cÝåy KòÞZhExòKÔ45zHÑ¦=ñ½?¾×2QÖÉ4©#\j C\·Q,39þcûJdõÌ7è¨
							   
							   
gi+]ï<f©½Sß8Þ

--now we will destroy the password file.
[oracle@dba167 dbs]$ mv orapwdba167 orapwdba167_

--if you now try to connect the database by using client and it will then prevent to acccess due to leak of password file.
--So how to we resolve this issue...
--We can't restore the password file, but oracle allows to re-create password file again...


[oracle@dba167 dbs]$ orapwd file=$ORACLE_HOME/dbs/orapwdba167 password=sys123 entries=5
OPW-00029: Password complexity failed for SYS user : Password must contain at least 8 characters.

--note: here entries=5 means oracle concurrently allows max 5 users to connect

--showing password validataion error...
[oracle@dba167 dbs]$ orapwd file=$ORACLE_HOME/dbs/orapwdba167 password=ora_123_12345 entries=5

[oracle@dba167 dbs]$ ls
hc_dba167.dat   initdba167.ora_bak         lkDBA167  orapwdba167   snapcf_dba167.f
initdba167.ora  initdba167.ora_bak_latest  lkDUMMY   orapwdba167_

--Now will change the password again by sqlplus...

SQL> alter user sys identified by sys123;

User altered.










